// Bun Snapshot v1, https://bun.sh/docs/test/snapshots

exports[`uniform items: initial render shows first item selected 1`] = `
"> Alpha
  detail a











"
`;

exports[`uniform items: fewer items than budget shows all with padding 1`] = `
"> Alpha
  detail a











"
`;

exports[`empty items shows renderEmpty 1`] = `
"Nothing here.












"
`;

exports[`single item renders with position indicator 1`] = `
"> Alpha
  detail a











"
`;
